// Jest Snapshot v1, https://goo.gl/fbAQLP

exports[`Renderizando bot√£o 1`] = `
<div
  className="root-0-2-1"
>
  <input
    type="button"
    value="Meu Teste"
  />
</div>
`;
